
> gate-keeper@0.0.0 build
> vite build

[36mvite v8.0.5 [32mbuilding client environment for production...[36m[39m
[2K
transforming...Ô£ô 1759 modules transformed.
rendering chunks...
node.exe : [31mÔ£ù[39m Build 
failed in 849ms
At line:1 char:1
+ & "C:\Program 
Files\nodejs/node.exe" 
"C:\Program 
Files\nodejs/node_mo ...
+ ~~~~~~~~~~~~~~~~~~~~~~~~~~~~~
~~~~~~~~~~~~~~~~~~~~~~~~~~~~~~~
~~~~~~~~~
    + CategoryInfo          :  
   NotSpecified: ([31mÔ£ù[3  
  9m Build failed in 849ms:S   
 tring) [], RemoteException
    + FullyQualifiedErrorId :  
   NativeCommandError
 
[31merror during build:
[31mBuild failed with 1 error:

[31m[MISSING_EXPORT] 
Error:[0m "ScanLinea" is not 
exported by "node_modules/lucid
e-react/dist/esm/lucide-react.j
s".
   [38;5;246mÔò¡[0m[38;5;246
mÔöÇ[0m[38;5;246m[[0m 
src/pages/Scanner.jsx:4:54 
[38;5;246m][0m
   [38;5;246mÔöé[0m
 [38;5;246m4 Ôöé[0m [38;5;24
9mi[0m[38;5;249mm[0m[38;5;2
49mp[0m[38;5;249mo[0m[38;5;
249mr[0m[38;5;249mt[0m[38;5
;249m [0m[38;5;249m{[0m[38;
5;249m [0m[38;5;249mC[0m[38
;5;249mh[0m[38;5;249me[0m[3
8;5;249mc[0m[38;5;249mk[0m[
38;5;249mC[0m[38;5;249mi[0m
[38;5;249mr[0m[38;5;249mc[0m
[38;5;249ml[0m[38;5;249me[0
m[38;5;249m,[0m[38;5;249m [
0m[38;5;249mX[0m[38;5;249mC
[0m[38;5;249mi[0m[38;5;249mr
[0m[38;5;249mc[0m[38;5;249m
l[0m[38;5;249me[0m[38;5;249
m,[0m[38;5;249m [0m[38;5;24
9mT[0m[38;5;249mr[0m[38;5;2
49mu[0m[38;5;249mc[0m[38;5;
249mk[0m[38;5;249m,[0m[38;5
;249m [0m[38;5;249mA[0m[38;
5;249mr[0m[38;5;249mr[0m[38
;5;249mo[0m[38;5;249mw[0m[3
8;5;249mR[0m[38;5;249mi[0m[
38;5;249mg[0m[38;5;249mh[0m
[38;5;249mt[0m[38;5;249m,[0m
[38;5;249m [0m[38;5;249mX[0
m[38;5;249m,[0m[38;5;249m 
[0mScanLinea[38;5;249m [0m[
38;5;249m}[0m[38;5;249m [0m
[38;5;249mf[0m[38;5;249mr[0m
[38;5;249mo[0m[38;5;249mm[0
m[38;5;249m [0m[38;5;249m"[
0m[38;5;249ml[0m[38;5;249mu
[0m[38;5;249mc[0m[38;5;249mi
[0m[38;5;249md[0m[38;5;249m
e[0m[38;5;249m-[0m[38;5;249
mr[0m[38;5;249me[0m[38;5;24
9ma[0m[38;5;249mc[0m[38;5;2
49mt[0m[38;5;249m"[0m[38;5;
249m;[0m
 [38;5;240m  Ôöé[0m          
                               
             
ÔöÇÔöÇÔöÇÔöÇÔö¼ÔöÇÔöÇÔöÇÔöÇ  
 [38;5;240m  Ôöé[0m          
                               
                 
Ôò░ÔöÇÔöÇÔöÇÔöÇÔöÇÔöÇ Missing 
export
[38;5;246mÔöÇÔöÇÔöÇÔò»[0m
[31m
    at aggregateBindingErrorsIn
toJsError (file:///C:/Users/fei
dh/Gate%20Keeper/node_modules/r
olldown/dist/shared/error-BLhcS
yeg.mjs:48:18)
    at unwrapBindingResult (fil
e:///C:/Users/feidh/Gate%20Keep
er/node_modules/rolldown/dist/s
hared/error-BLhcSyeg.mjs:18:128
)
    at #build (file:///C:/Users
/feidh/Gate%20Keeper/node_modul
es/rolldown/dist/shared/rolldow
n-build-CPrIX9V6.mjs:3313:34)
    at async buildEnvironment (
file:///C:/Users/feidh/Gate%20K
eeper/node_modules/vite/dist/no
de/chunks/node.js:32939:64)
    at async Object.build (file
:///C:/Users/feidh/Gate%20Keepe
r/node_modules/vite/dist/node/c
hunks/node.js:33361:19)
    at async Object.buildApp (f
ile:///C:/Users/feidh/Gate%20Ke
eper/node_modules/vite/dist/nod
e/chunks/node.js:33358:153)
    at async CAC.<anonymous> (f
ile:///C:/Users/feidh/Gate%20Ke
eper/node_modules/vite/dist/nod
e/cli.js:778:3) {
  errors: [Getter/Setter]
}[39m
